             VMA              LMA     Size Align Out     In      Symbol
               0                0    80000     1 . = 0x80000
           80000            80000     10a0  2048 .text
           80000            80000       a8     8         /var/folders/76/9vw181ys3s3cd4q5qgxpx_ph0000gn/T/boot-21463f.o:(.text.boot)
           80000            80000        0     1                 $x.0
           80000            80000        0     1                 boot
           8003c            8003c        0     1                 start_el2
           80060            80060        0     1                 start_el1
           80088            80088        0     1                 $d.1
           800a8            800a8       fc     4         kernel/kernel.o:(.text)
           800a8            800a8        0     1                 $x.0
           800a8            800a8        c     1                 get_current_el
           800b4            800b4       24     1                 handle_trap
           800d8            800d8       24     1                 handle_syscall
           800fc            800fc       a8     1                 kernel_main
           801a4            801a4      328     4         kernel/print.o:(.text)
           801a4            801a4        0     1                 $x.0
           801a4            801a4       1c     1                 putchar
           801c0            801c0       28     1                 print_string
           801e8            801e8      2e4     1                 printf
           804cc            804cc      1c4     4         common/common.o:(.text)
           804cc            804cc        0     1                 $x.0
           804cc            804cc       a0     1                 memset
           8056c            8056c       c8     1                 memcpy
           80634            80634       28     1                 strcpy
           8065c            8065c       34     1                 strcmp
           80800            80800      8a0  2048         /var/folders/76/9vw181ys3s3cd4q5qgxpx_ph0000gn/T/trap-1793fb.o:(.text)
           80800            80800        0     1                 $x.0
           80800            80800        0     1                 exception_vector
           81000            81000        0     1                 exception_common
           8109c            8109c        0     1                 interrupt_common
           810a0            810a0        0     4         /var/folders/76/9vw181ys3s3cd4q5qgxpx_ph0000gn/T/boot-21463f.o:(.text)
           810a0            810a0       a6    16 .rodata
           810a0            810a0       a6     1         <internal>:(.rodata.str1.1)
           81150            81150        0    16 .bss
           81150            81150        0     1         __bss = .
           81150            81150        0     1         __bss_end = .
           81150            81150        0     1 . = ALIGN ( 16 )
           81150            81150    20000     1 . += 128 * 1024
           a1150            a1150        0     1 __stack_top = .
           a1150            a1150        0     1 . = ALIGN ( 16 )
           a1150            a1150        0     1 end = .
               0                0      1c1     1 .debug_loclists
               0                0       20     1         kernel/kernel.o:(.debug_loclists)
               0                0        0     1                 $d.2
              20               20       f2     1         kernel/print.o:(.debug_loclists)
              20               20        0     1                 $d.2
             112              112       af     1         common/common.o:(.debug_loclists)
             112              112        0     1                 $d.1
               0                0      3c4     1 .debug_abbrev
               0                0      15b     1         kernel/kernel.o:(.debug_abbrev)
               0                0        0     1                 $d.3
             15b              15b      196     1         kernel/print.o:(.debug_abbrev)
             15b              15b        0     1                 $d.3
             2f1              2f1       91     1         common/common.o:(.debug_abbrev)
             2f1              2f1        0     1                 $d.2
             382              382       21     1         /var/folders/76/9vw181ys3s3cd4q5qgxpx_ph0000gn/T/trap-1793fb.o:(.debug_abbrev)
             382              382        0     1                 $d.2
             3a3              3a3       21     1         /var/folders/76/9vw181ys3s3cd4q5qgxpx_ph0000gn/T/boot-21463f.o:(.debug_abbrev)
             3a3              3a3        0     1                 $d.3
               0                0      731     1 .debug_info
               0                0      225     1         kernel/kernel.o:(.debug_info)
               0                0        0     1                 $d.4
             225              225      22c     1         kernel/print.o:(.debug_info)
             225              225        0     1                 $d.4
             451              451      13e     1         common/common.o:(.debug_info)
             451              451        0     1                 $d.3
             58f              58f       de     1         /var/folders/76/9vw181ys3s3cd4q5qgxpx_ph0000gn/T/trap-1793fb.o:(.debug_info)
             58f              58f        0     1                 $d.3
             66d              66d       c4     1         /var/folders/76/9vw181ys3s3cd4q5qgxpx_ph0000gn/T/boot-21463f.o:(.debug_info)
             66d              66d        0     1                 $d.4
               0                0      144     1 .debug_str_offsets
               0                0       58     1         kernel/kernel.o:(.debug_str_offsets)
               0                0        0     1                 $d.5
              58               58       84     1         kernel/print.o:(.debug_str_offsets)
              58               58        0     1                 $d.6
              dc               dc       68     1         common/common.o:(.debug_str_offsets)
              dc               dc        0     1                 $d.4
               0                0      229     1 .debug_str
               0                0      229     1         <internal>:(.debug_str)
               0                0      148     1 .debug_addr
               0                0       b8     1         kernel/kernel.o:(.debug_addr)
               0                0        0     1                 $d.7
              b8               b8       68     1         kernel/print.o:(.debug_addr)
              b8               b8        0     1                 $d.8
             120              120       28     1         common/common.o:(.debug_addr)
             120              120        0     1                 $d.6
               0                0       3b     1 .comment
               0                0       3b     1         <internal>:(.comment)
               0                0      170     8 .debug_frame
               0                0       90     8         kernel/kernel.o:(.debug_frame)
               0                0        0     1                 $d.9
              90               90       68     8         kernel/print.o:(.debug_frame)
              90               90        0     1                 $d.10
              f8               f8       78     8         common/common.o:(.debug_frame)
              f8               f8        0     1                 $d.8
               0                0      56f     1 .debug_line
               0                0       ec     1         kernel/kernel.o:(.debug_line)
               0                0        0     1                 $d.10
              ec               ec      267     1         kernel/print.o:(.debug_line)
              ec               ec        0     1                 $d.11
             353              353      10d     1         common/common.o:(.debug_line)
             353              353        0     1                 $d.9
             460              460       ab     1         /var/folders/76/9vw181ys3s3cd4q5qgxpx_ph0000gn/T/trap-1793fb.o:(.debug_line)
             460              460        0     1                 $d.4
             50b              50b       64     1         /var/folders/76/9vw181ys3s3cd4q5qgxpx_ph0000gn/T/boot-21463f.o:(.debug_line)
             50b              50b        0     1                 $d.5
               0                0       98     1 .debug_line_str
               0                0       98     1         <internal>:(.debug_line_str)
               0                0       9d     1 .debug_rnglists
               0                0       9d     1         kernel/print.o:(.debug_rnglists)
               0                0        0     1                 $d.5
               0                0       60     1 .debug_aranges
               0                0       30     1         /var/folders/76/9vw181ys3s3cd4q5qgxpx_ph0000gn/T/trap-1793fb.o:(.debug_aranges)
               0                0        0     1                 $d.1
              30               30       30     1         /var/folders/76/9vw181ys3s3cd4q5qgxpx_ph0000gn/T/boot-21463f.o:(.debug_aranges)
              30               30        0     1                 $d.2
               0                0      6f0     8 .symtab
               0                0      6f0     8         <internal>:(.symtab)
               0                0       d3     1 .shstrtab
               0                0       d3     1         <internal>:(.shstrtab)
               0                0      1f0     1 .strtab
               0                0      1f0     1         <internal>:(.strtab)
